
Bala@LAPTOP-IN15CNL8 MINGW64 ~
$ cd D:\Test3

Bala@LAPTOP-IN15CNL8 MINGW64 /d/Test3
$ ls
july5.txt

Bala@LAPTOP-IN15CNL8 MINGW64 /d/Test3
$ git init
Initialized empty Git repository in D:/Test3/.git/

Bala@LAPTOP-IN15CNL8 MINGW64 /d/Test3 (master)
$ git add .
warning: in the working copy of 'july5.txt', LF will be replaced by CRLF the next time Git touches it

Bala@LAPTOP-IN15CNL8 MINGW64 /d/Test3 (master)
$ git commit -m "changed"
[master (root-commit) 1edf8fe] changed
 1 file changed, 2 insertions(+)
 create mode 100644 july5.txt

Bala@LAPTOP-IN15CNL8 MINGW64 /d/Test3 (master)
$ git remote add origin https://github.com/sowmyaj10/Test3.git

Bala@LAPTOP-IN15CNL8 MINGW64 /d/Test3 (master)
$ git push origin master
Enumerating objects: 3, done.
Counting objects: 100% (3/3), done.
Writing objects: 100% (3/3), 259 bytes | 259.00 KiB/s, done.
Total 3 (delta 0), reused 0 (delta 0), pack-reused 0
To https://github.com/sowmyaj10/Test3.git
 * [new branch]      master -> master

Bala@LAPTOP-IN15CNL8 MINGW64 /d/Test3 (master)
$ echo "this is test page" >> july6.txt

Bala@LAPTOP-IN15CNL8 MINGW64 /d/Test3 (master)
$ git add .
warning: in the working copy of 'july6.txt', LF will be replaced by CRLF the next time Git touches it

Bala@LAPTOP-IN15CNL8 MINGW64 /d/Test3 (master)
$ git commit -m "changed2"
[master 8713855] changed2
 1 file changed, 1 insertion(+)
 create mode 100644 july6.txt

Bala@LAPTOP-IN15CNL8 MINGW64 /d/Test3 (master)
$ git remote add origin https://github.com/sowmyaj10/Test3.git
error: remote origin already exists.

Bala@LAPTOP-IN15CNL8 MINGW64 /d/Test3 (master)
$ git push origin master
Enumerating objects: 4, done.
Counting objects: 100% (4/4), done.
Delta compression using up to 8 threads
Compressing objects: 100% (2/2), done.
Writing objects: 100% (3/3), 286 bytes | 286.00 KiB/s, done.
Total 3 (delta 0), reused 0 (delta 0), pack-reused 0
To https://github.com/sowmyaj10/Test3.git
   1edf8fe..8713855  master -> master

Bala@LAPTOP-IN15CNL8 MINGW64 /d/Test3 (master)
